The point lies on the y axis 
The point lies in the fourth quadrant 
