The average score is: 105.5
The Standard Deviation is: 3.02765
