The average score is: 5.5
The Standard Deviation is: 3.02765
