The average score is: -5
The Standard Deviation is: 30.2765
