The average score is: 6681.13
The Standard Deviation is: 19952.5
